  Press any key to continue . . . 
  main.cpp
  GLM_GTX_hash requires C++11 standard library support
C:\Users\evaka\Documents\Visual Studio 2022\Projects\Faust\Faust\src\context.hpp(2,1): warning C4005: '_CRT_SECURE_NO_WARNINGS': macro redefinition
  (compiling source file 'src/main.cpp')
  C:\Users\evaka\Documents\Visual Studio 2022\Projects\Faust\Faust\src\context.hpp(2,1):
  '_CRT_SECURE_NO_WARNINGS' previously declared on the command line
  
C:\Users\evaka\Documents\Visual Studio 2022\Projects\Faust\Faust\src\compute_pipeline.hpp(57,60): warning C4267: 'argument': conversion from 'size_t' to 'uint32_t', possible loss of data
  (compiling source file 'src/main.cpp')
  
C:\Program Files (x86)\Windows Kits\10\Include\10.0.22621.0\shared\minwindef.h(130,1): warning C4005: 'APIENTRY': macro redefinition
  (compiling source file 'src/main.cpp')
  C:\Users\evaka\Documents\Visual Studio 2022\Libraries\glfw-3.4.bin.WIN64\include\GLFW\glfw3.h(123,1):
  see previous definition of 'APIENTRY'
  
C:\Users\evaka\Documents\Visual Studio 2022\Projects\Faust\Faust\src\main.cpp(392,41): warning C4267: 'argument': conversion from 'size_t' to 'uint32_t', possible loss of data
  Generating code
  6 of 7468 functions (<0.1%) were compiled, the rest were copied from previous compilation.
    0 functions were new in current compilation
    46 functions had inline decision re-evaluated but remain unchanged
  Finished generating code
  Faust.vcxproj -> C:\Users\evaka\Documents\Visual Studio 2022\Projects\Faust\x64\Release\Faust.exe
