c:\users\evaka\documents\visual studio 2022\projects\faust\faust\x64\debug\vc143.pdb
c:\users\evaka\documents\visual studio 2022\projects\faust\faust\x64\debug\vc143.idb
c:\users\evaka\documents\visual studio 2022\projects\faust\faust\x64\debug\raster_pipeline.obj
c:\users\evaka\documents\visual studio 2022\projects\faust\faust\x64\debug\main.obj
c:\users\evaka\documents\visual studio 2022\projects\faust\faust\x64\debug\io_utils.obj
c:\users\evaka\documents\visual studio 2022\projects\faust\faust\x64\debug\image.obj
c:\users\evaka\documents\visual studio 2022\projects\faust\faust\x64\debug\gui.obj
c:\users\evaka\documents\visual studio 2022\projects\faust\faust\x64\debug\context.obj
c:\users\evaka\documents\visual studio 2022\projects\faust\faust\x64\debug\camera.obj
c:\users\evaka\documents\visual studio 2022\projects\faust\faust\x64\debug\buffer.obj
c:\users\evaka\documents\visual studio 2022\projects\faust\faust\x64\debug\accel.obj
c:\users\evaka\documents\visual studio 2022\projects\faust\faust\x64\debug\imgui_widgets.obj
c:\users\evaka\documents\visual studio 2022\projects\faust\faust\x64\debug\imgui_tables.obj
c:\users\evaka\documents\visual studio 2022\projects\faust\faust\x64\debug\imgui_draw.obj
c:\users\evaka\documents\visual studio 2022\projects\faust\faust\x64\debug\imgui_demo.obj
c:\users\evaka\documents\visual studio 2022\projects\faust\faust\x64\debug\imgui.obj
c:\users\evaka\documents\visual studio 2022\projects\faust\faust\x64\debug\imgui_impl_vulkan.obj
c:\users\evaka\documents\visual studio 2022\projects\faust\faust\x64\debug\imgui_impl_glfw.obj
c:\users\evaka\documents\visual studio 2022\projects\faust\x64\debug\faust.exe
c:\users\evaka\documents\visual studio 2022\projects\faust\faust\x64\debug\faust.ilk
c:\users\evaka\documents\visual studio 2022\projects\faust\x64\debug\faust.pdb
c:\users\evaka\documents\visual studio 2022\projects\faust\faust\x64\debug\faust.tlog\cl.command.1.tlog
c:\users\evaka\documents\visual studio 2022\projects\faust\faust\x64\debug\faust.tlog\cl.items.tlog
c:\users\evaka\documents\visual studio 2022\projects\faust\faust\x64\debug\faust.tlog\cl.read.1.tlog
c:\users\evaka\documents\visual studio 2022\projects\faust\faust\x64\debug\faust.tlog\cl.write.1.tlog
c:\users\evaka\documents\visual studio 2022\projects\faust\faust\x64\debug\faust.tlog\link.command.1.tlog
c:\users\evaka\documents\visual studio 2022\projects\faust\faust\x64\debug\faust.tlog\link.read.1.tlog
c:\users\evaka\documents\visual studio 2022\projects\faust\faust\x64\debug\faust.tlog\link.write.1.tlog
